ALPtr<ALBroker>=String[]
ALPtr<ALProxy>=String[]
void=void
void*=void
std::string=String
std::string &=String
const std::string=final String
const std::string &=final String
std::vector<std::string>=String
std::vector<std::string> &=String
const std::vector<std::string>=final String
const std::vector<std::string> &=final String
int=int
int &=int
const int=final int
const int &=final int
std::vector<int>=String
std::vector<int> &=String
const std::vector<int>=final String
const std::vector<int> &=final String
float=float
float &=float
const float=final float
const float &=final float
std::vector<float>=String
std::vector<float> &=String
const std::vector<float>=final String
const std::vector<float> &=final String
bool=String
bool &=String
const bool=final String
const bool &=final String
std::vector<bool>=String
std::vector<bool> &=String
const std::vector<bool>=String
const std::vector<bool> &=String
AL::ALValue=String
AL::ALValue &=String
const AL::ALValue=final String
const AL::ALValue &=final String
